processor	: 0
vendor_id	: GenuineIntel
cpu family	: 6
model		: 58
model name	: Intel(R) Core(TM) i7-3520M CPU @ 2.90GHz
stepping	: 9
microcode	: 0x1b
cpu MHz		: 2615.210
cache size	: 4096 KB
physical id	: 0
siblings	: 4
core id		: 0
cpu cores	: 2
apicid		: 0
initial apicid	: 0
fpu		: yes
fpu_exception	: yes
cpuid level	: 13
wp		: yes
flags		: fpu vme de pse tsc msr pae mce cx8 apic sep mtrr pge mca cmov pat pse36 clflush dts acpi mmx fxsr sse sse2 ss ht tm pbe syscall nx rdtscp lm constant_tsc arch_perfmon pebs bts rep_good nopl xtopology nonstop_tsc aperfmperf eagerfpu pni pclmulqdq dtes64 monitor ds_cpl vmx smx est tm2 ssse3 cx16 xtpr pdcm pcid sse4_1 sse4_2 x2apic popcnt tsc_deadline_timer aes xsave avx f16c rdrand lahf_lm ida arat epb pln pts dtherm tpr_shadow vnmi flexpriority ept vpid fsgsbase smep erms xsaveopt
bugs		:
bogomips	: 5786.61
clflush size	: 64
cache_alignment	: 64
address sizes	: 36 bits physical, 48 bits virtual
power management:

processor	: 1
vendor_id	: GenuineIntel
cpu family	: 6
model		: 58
model name	: Intel(R) Core(TM) i7-3520M CPU @ 2.90GHz
stepping	: 9
microcode	: 0x1b
cpu MHz		: 3274.734
cache size	: 4096 KB
physical id	: 0
siblings	: 4
core id		: 0
cpu cores	: 2
apicid		: 1
initial apicid	: 1
fpu		: yes
fpu_exception	: yes
cpuid level	: 13
wp		: yes
flags		: fpu vme de pse tsc msr pae mce cx8 apic sep mtrr pge mca cmov pat pse36 clflush dts acpi mmx fxsr sse sse2 ss ht tm pbe syscall nx rdtscp lm constant_tsc arch_perfmon pebs bts rep_good nopl xtopology nonstop_tsc aperfmperf eagerfpu pni pclmulqdq dtes64 monitor ds_cpl vmx smx est tm2 ssse3 cx16 xtpr pdcm pcid sse4_1 sse4_2 x2apic popcnt tsc_deadline_timer aes xsave avx f16c rdrand lahf_lm ida arat epb pln pts dtherm tpr_shadow vnmi flexpriority ept vpid fsgsbase smep erms xsaveopt
bugs		:
bogomips	: 5786.61
clflush size	: 64
cache_alignment	: 64
address sizes	: 36 bits physical, 48 bits virtual
power management:

processor	: 2
vendor_id	: GenuineIntel
cpu family	: 6
model		: 58
model name	: Intel(R) Core(TM) i7-3520M CPU @ 2.90GHz
stepping	: 9
microcode	: 0x1b
cpu MHz		: 3300.222
cache size	: 4096 KB
physical id	: 0
siblings	: 4
core id		: 1
cpu cores	: 2
apicid		: 2
initial apicid	: 2
fpu		: yes
fpu_exception	: yes
cpuid level	: 13
wp		: yes
flags		: fpu vme de pse tsc msr pae mce cx8 apic sep mtrr pge mca cmov pat pse36 clflush dts acpi mmx fxsr sse sse2 ss ht tm pbe syscall nx rdtscp lm constant_tsc arch_perfmon pebs bts rep_good nopl xtopology nonstop_tsc aperfmperf eagerfpu pni pclmulqdq dtes64 monitor ds_cpl vmx smx est tm2 ssse3 cx16 xtpr pdcm pcid sse4_1 sse4_2 x2apic popcnt tsc_deadline_timer aes xsave avx f16c rdrand lahf_lm ida arat epb pln pts dtherm tpr_shadow vnmi flexpriority ept vpid fsgsbase smep erms xsaveopt
bugs		:
bogomips	: 5786.61
clflush size	: 64
cache_alignment	: 64
address sizes	: 36 bits physical, 48 bits virtual
power management:

processor	: 3
vendor_id	: GenuineIntel
cpu family	: 6
model		: 58
model name	: Intel(R) Core(TM) i7-3520M CPU @ 2.90GHz
stepping	: 9
microcode	: 0x1b
cpu MHz		: 3594.414
cache size	: 4096 KB
physical id	: 0
siblings	: 4
core id		: 1
cpu cores	: 2
apicid		: 3
initial apicid	: 3
fpu		: yes
fpu_exception	: yes
cpuid level	: 13
wp		: yes
flags		: fpu vme de pse tsc msr pae mce cx8 apic sep mtrr pge mca cmov pat pse36 clflush dts acpi mmx fxsr sse sse2 ss ht tm pbe syscall nx rdtscp lm constant_tsc arch_perfmon pebs bts rep_good nopl xtopology nonstop_tsc aperfmperf eagerfpu pni pclmulqdq dtes64 monitor ds_cpl vmx smx est tm2 ssse3 cx16 xtpr pdcm pcid sse4_1 sse4_2 x2apic popcnt tsc_deadline_timer aes xsave avx f16c rdrand lahf_lm ida arat epb pln pts dtherm tpr_shadow vnmi flexpriority ept vpid fsgsbase smep erms xsaveopt
bugs		:
bogomips	: 5786.61
clflush size	: 64
cache_alignment	: 64
address sizes	: 36 bits physical, 48 bits virtual
power management:

           CPU0       CPU1       CPU2       CPU3       
  0:         68          0          0          0   IO-APIC   2-edge      timer
  1:        689       7853        658        778   IO-APIC   1-edge      i8042
  8:          0          0          1          0   IO-APIC   8-edge      rtc0
  9:       1160        695        344        261   IO-APIC   9-fasteoi   acpi
 12:     314976    1327914     163447     143732   IO-APIC  12-edge      i8042
 16:        332        194        163        132   IO-APIC  16-fasteoi   ehci_hcd:usb3, mmc0
 18:          0          0          0          0   IO-APIC  18-fasteoi   i801_smbus
 23:         17         31          0          0   IO-APIC  23-fasteoi   ehci_hcd:usb4
 24:      43314       5748     786804       3298   PCI-MSI 512000-edge      0000:00:1f.2
 25:          0          0          0          0   PCI-MSI 327680-edge      xhci_hcd
 26:          3          4          0          1   PCI-MSI 409600-edge      enp0s25
 27:        852        591         64         42   PCI-MSI 32768-edge      i915
 28:          8          6          3          6   PCI-MSI 360448-edge      mei_me
 29:         62         82          0          6   PCI-MSI 442368-edge      snd_hda_intel
 30:     779441       1591         37         80   PCI-MSI 1572864-edge      iwlwifi
NMI:         94         87         91         87   Non-maskable interrupts
LOC:    2715890    2175650    2756976    2240423   Local timer interrupts
SPU:          0          0          0          0   Spurious interrupts
PMI:         94         87         91         87   Performance monitoring interrupts
IWI:          0          6          3          4   IRQ work interrupts
RTR:          0          0          0          0   APIC ICR read retries
RES:     181874     181890     174943     218142   Rescheduling interrupts
CAL:     155876      95337     153276      90505   Function call interrupts
TLB:      19954      22438      21482      20783   TLB shootdowns
TRM:          0          0          0          0   Thermal event interrupts
THR:          0          0          0          0   Threshold APIC interrupts
DFR:          0          0          0          0   Deferred Error APIC interrupts
MCE:          0          0          0          0   Machine check exceptions
MCP:         29         29         29         29   Machine check polls
HYP:          0          0          0          0   Hypervisor callback interrupts
ERR:          0
MIS:          0
PIN:          0          0          0          0   Posted-interrupt notification event
PIW:          0          0          0          0   Posted-interrupt wakeup event
MemTotal:       16127228 kB
MemFree:        11188304 kB
MemAvailable:   11366680 kB
Buffers:           13528 kB
Cached:           250856 kB
SwapCached:      1969132 kB
Active:          2291068 kB
Inactive:        2270716 kB
Active(anon):    2258368 kB
Inactive(anon):  2128068 kB
Active(file):      32700 kB
Inactive(file):   142648 kB
Unevictable:       22232 kB
Mlocked:           22232 kB
SwapTotal:       7286780 kB
SwapFree:         617204 kB
Dirty:              3652 kB
Writeback:             0 kB
AnonPages:       2350492 kB
Mapped:           158544 kB
Shmem:             80340 kB
Slab:             122620 kB
SReclaimable:      63028 kB
SUnreclaim:        59592 kB
KernelStack:       12384 kB
PageTables:        60012 kB
NFS_Unstable:          0 kB
Bounce:                0 kB
WritebackTmp:          0 kB
CommitLimit:    15350392 kB
Committed_AS:   22212804 kB
VmallocTotal:   34359738367 kB
VmallocUsed:      457088 kB
VmallocChunk:   34358947836 kB
HardwareCorrupted:     0 kB
AnonHugePages:   1890304 kB
HugePages_Total:       0
HugePages_Free:        0
HugePages_Rsvd:        0
HugePages_Surp:        0
Hugepagesize:       2048 kB
DirectMap4k:      144572 kB
DirectMap2M:    16322560 kB
Inter-|   Receive                                                |  Transmit
 face |bytes    packets errs drop fifo frame compressed multicast|bytes    packets errs drop fifo colls carrier compressed
virbr1-nic:       0       0    0    0    0     0          0         0        0       0    0    0    0     0       0          0
 vnet0:  128666     393    0    0    0     0          0         0   317089    3974    0    0    0     0       0          0
 vnet5:   43924     524    0    0    0     0          0         0   221582    3857    0    0    0     0       0          0
enp0s25: 31338290   49183    0    0    0     0          0      1035 10708826   44319    0    0    0     0       0          0
virbr0-nic:       0       0    0    0    0     0          0         0        0       0    0    0    0     0       0          0
 vnet2:   69293     283    0    0    0     0          0         0   364106    3768    0    0    0     0       0          0
 vnet4:   59178     194    0    0    0     0          0         0   238283    3592    0    0    0     0       0          0
virbr0: 5345737    5274    0    0    0     0          0         0  1408922    5318    0    0    0     0       0          0
 vnet1: 5034219    3505    0    0    0     0          0         0  1151009    7191    0    0    0     0       0          0
    lo:   20864     210    0    0    0     0          0         0    20864     210    0    0    0     0       0          0
virbr1:       0       0    0    0    0     0          0         0        0       0    0    0    0     0       0          0
wlp3s0:       0       0    0    0    0     0          0         0        0       0    0    0    0     0       0          0
 vnet3:   84293     375    0    0    0     0          0         0   279453    3662    0    0    0     0       0          0
