processor	: 0
vendor_id	: GenuineIntel
cpu family	: 6
model		: 13
model name	: QEMU Virtual CPU version 1.5.3
stepping	: 3
microcode	: 0x1
cpu MHz		: 1994.999
cache size	: 4096 KB
physical id	: 0
siblings	: 1
core id		: 0
cpu cores	: 1
apicid		: 0
initial apicid	: 0
fpu		: yes
fpu_exception	: yes
cpuid level	: 4
wp		: yes
flags		: fpu de pse tsc msr pae mce cx8 apic sep mtrr pge mca cmov pse36 clflush mmx fxsr sse sse2 syscall nx lm rep_good nopl pni cx16 hypervisor lahf_lm
bogomips	: 3989.99
clflush size	: 64
cache_alignment	: 64
address sizes	: 38 bits physical, 48 bits virtual
power management:

processor	: 1
vendor_id	: GenuineIntel
cpu family	: 6
model		: 13
model name	: QEMU Virtual CPU version 1.5.3
stepping	: 3
microcode	: 0x1
cpu MHz		: 1994.999
cache size	: 4096 KB
physical id	: 1
siblings	: 1
core id		: 0
cpu cores	: 1
apicid		: 1
initial apicid	: 1
fpu		: yes
fpu_exception	: yes
cpuid level	: 4
wp		: yes
flags		: fpu de pse tsc msr pae mce cx8 apic sep mtrr pge mca cmov pse36 clflush mmx fxsr sse sse2 syscall nx lm rep_good nopl pni cx16 hypervisor lahf_lm
bogomips	: 3989.99
clflush size	: 64
cache_alignment	: 64
address sizes	: 38 bits physical, 48 bits virtual
power management:

processor	: 2
vendor_id	: GenuineIntel
cpu family	: 6
model		: 13
model name	: QEMU Virtual CPU version 1.5.3
stepping	: 3
microcode	: 0x1
cpu MHz		: 1994.999
cache size	: 4096 KB
physical id	: 2
siblings	: 1
core id		: 0
cpu cores	: 1
apicid		: 2
initial apicid	: 2
fpu		: yes
fpu_exception	: yes
cpuid level	: 4
wp		: yes
flags		: fpu de pse tsc msr pae mce cx8 apic sep mtrr pge mca cmov pse36 clflush mmx fxsr sse sse2 syscall nx lm rep_good nopl pni cx16 hypervisor lahf_lm
bogomips	: 3989.99
clflush size	: 64
cache_alignment	: 64
address sizes	: 38 bits physical, 48 bits virtual
power management:

processor	: 3
vendor_id	: GenuineIntel
cpu family	: 6
model		: 13
model name	: QEMU Virtual CPU version 1.5.3
stepping	: 3
microcode	: 0x1
cpu MHz		: 1994.999
cache size	: 4096 KB
physical id	: 3
siblings	: 1
core id		: 0
cpu cores	: 1
apicid		: 3
initial apicid	: 3
fpu		: yes
fpu_exception	: yes
cpuid level	: 4
wp		: yes
flags		: fpu de pse tsc msr pae mce cx8 apic sep mtrr pge mca cmov pse36 clflush mmx fxsr sse sse2 syscall nx lm rep_good nopl pni cx16 hypervisor lahf_lm
bogomips	: 3989.99
clflush size	: 64
cache_alignment	: 64
address sizes	: 38 bits physical, 48 bits virtual
power management:

           CPU0       CPU1       CPU2       CPU3       
  0:        135          0          0          0   IO-APIC-edge      timer
  1:          1          2          3          2   IO-APIC-edge      i8042
  6:          0          1          1          1   IO-APIC-edge      floppy
  8:          0          0          0          0   IO-APIC-edge      rtc0
  9:          0          0          0          0   IO-APIC-fasteoi   acpi
 10:        496        482        486        468   IO-APIC-fasteoi   virtio4
 11:         10        147         30         27   IO-APIC-fasteoi   uhci_hcd:usb1, qxl
 12:          0         41         47         38   IO-APIC-edge      i8042
 14:          0          0          0          0   IO-APIC-edge      ata_piix
 15:         24         20     182194         20   IO-APIC-edge      ata_piix
 24:          0          0          0          0   PCI-MSI-edge      virtio0-config
 25:          0          0          0          0   PCI-MSI-edge      virtio2-config
 26:          0          3          1          4   PCI-MSI-edge      virtio2-virtqueues
 27:    3075029         25         27         24   PCI-MSI-edge      virtio0-input.0
 28:          0          0          1          0   PCI-MSI-edge      virtio0-output.0
 29:          0          0          0          0   PCI-MSI-edge      virtio1-config
 30:          8         10          6     263036   PCI-MSI-edge      virtio1-input.0
 31:          0          1          1          0   PCI-MSI-edge      virtio1-output.0
 32:          0          0          0          0   PCI-MSI-edge      virtio3-config
 33:       2251       1443       1443      76412   PCI-MSI-edge      virtio3-req.0
NMI:          0          0          0          0   Non-maskable interrupts
LOC:    2927588    2332410    2357757    2469878   Local timer interrupts
SPU:          0          0          0          0   Spurious interrupts
PMI:          0          0          0          0   Performance monitoring interrupts
IWI:     171654      62779      47813      57003   IRQ work interrupts
RTR:          0          0          0          0   APIC ICR read retries
RES:     801927     676810     570786     698330   Rescheduling interrupts
CAL:      22675      11464      17532       1233   Function call interrupts
TLB:      82281      78051      78821      80323   TLB shootdowns
TRM:          0          0          0          0   Thermal event interrupts
THR:          0          0          0          0   Threshold APIC interrupts
MCE:          0          0          0          0   Machine check exceptions
MCP:        624        624        624        624   Machine check polls
ERR:          0
MIS:          0
MemTotal:        1785008 kB
MemFree:          252440 kB
MemAvailable:    1297232 kB
Buffers:               0 kB
Cached:           491464 kB
SwapCached:          252 kB
Active:           330668 kB
Inactive:         223256 kB
Active(anon):      30216 kB
Inactive(anon):    73420 kB
Active(file):     300452 kB
Inactive(file):   149836 kB
Unevictable:           0 kB
Mlocked:               0 kB
SwapTotal:       3354620 kB
SwapFree:        3353308 kB
Dirty:               728 kB
Writeback:             0 kB
AnonPages:         62116 kB
Mapped:            18712 kB
Shmem:             41176 kB
Slab:             898296 kB
SReclaimable:     847920 kB
SUnreclaim:        50376 kB
KernelStack:        2752 kB
PageTables:         5844 kB
NFS_Unstable:          0 kB
Bounce:                0 kB
WritebackTmp:          0 kB
CommitLimit:     4247124 kB
Committed_AS:     387204 kB
VmallocTotal:   34359738367 kB
VmallocUsed:      149692 kB
VmallocChunk:   34359524352 kB
HardwareCorrupted:     0 kB
AnonHugePages:      6144 kB
HugePages_Total:       0
HugePages_Free:        0
HugePages_Rsvd:        0
HugePages_Surp:        0
Hugepagesize:       2048 kB
DirectMap4k:       67576 kB
DirectMap2M:     4126720 kB
Inter-|   Receive                                                |  Transmit
 face |bytes    packets errs drop fifo frame compressed multicast|bytes    packets errs drop fifo colls carrier compressed
  eth0: 218818091 3198854    0 95478    0     0          0         0  7346771   57437    0    0    0     0       0          0
  eth1: 29581672  268301    0 93500    0     0          0         0 30026524   67527    0    0    0     0       0          0
    lo:    1056      11    0    0    0     0          0         0     1056      11    0    0    0     0       0          0
