processor	: 0
vendor_id	: GenuineIntel
cpu family	: 6
model		: 94
model name	: Intel(R) Core(TM) i7-6820HQ CPU @ 2.70GHz
stepping	: 3
microcode	: 0xf0
cpu MHz		: 3305.660
cache size	: 8192 KB
physical id	: 0
siblings	: 4
core id		: 0
cpu cores	: 4
apicid		: 0
initial apicid	: 0
fpu		: yes
fpu_exception	: yes
cpuid level	: 22
wp		: yes
flags		: fpu vme de pse tsc msr pae mce cx8 apic sep mtrr pge mca cmov pat pse36 clflush dts acpi mmx fxsr sse sse2 ss ht tm pbe syscall nx pdpe1gb rdtscp lm constant_tsc art arch_perfmon pebs bts rep_good nopl xtopology nonstop_tsc cpuid aperfmperf pni pclmulqdq dtes64 monitor ds_cpl vmx smx est tm2 ssse3 sdbg fma cx16 xtpr pdcm pcid sse4_1 sse4_2 x2apic movbe popcnt tsc_deadline_timer aes xsave avx f16c rdrand lahf_lm abm 3dnowprefetch cpuid_fault epb invpcid_single pti ssbd ibrs ibpb stibp tpr_shadow vnmi flexpriority ept vpid ept_ad fsgsbase tsc_adjust bmi1 avx2 smep bmi2 erms invpcid mpx rdseed adx smap clflushopt intel_pt xsaveopt xsavec xgetbv1 xsaves dtherm ida arat pln pts hwp hwp_notify hwp_act_window hwp_epp md_clear flush_l1d arch_capabilities
vmx flags	: vnmi preemption_timer invvpid ept_x_only ept_ad ept_1gb flexpriority tsc_offset vtpr mtf vapic ept vpid unrestricted_guest ple shadow_vmcs pml
bugs		: cpu_meltdown spectre_v1 spectre_v2 spec_store_bypass l1tf mds swapgs taa itlb_multihit srbds mmio_stale_data retbleed
bogomips	: 5399.81
clflush size	: 64
cache_alignment	: 64
address sizes	: 39 bits physical, 48 bits virtual
power management:

processor	: 1
vendor_id	: GenuineIntel
cpu family	: 6
model		: 94
model name	: Intel(R) Core(TM) i7-6820HQ CPU @ 2.70GHz
stepping	: 3
microcode	: 0xf0
cpu MHz		: 3199.844
cache size	: 8192 KB
physical id	: 0
siblings	: 4
core id		: 1
cpu cores	: 4
apicid		: 2
initial apicid	: 2
fpu		: yes
fpu_exception	: yes
cpuid level	: 22
wp		: yes
flags		: fpu vme de pse tsc msr pae mce cx8 apic sep mtrr pge mca cmov pat pse36 clflush dts acpi mmx fxsr sse sse2 ss ht tm pbe syscall nx pdpe1gb rdtscp lm constant_tsc art arch_perfmon pebs bts rep_good nopl xtopology nonstop_tsc cpuid aperfmperf pni pclmulqdq dtes64 monitor ds_cpl vmx smx est tm2 ssse3 sdbg fma cx16 xtpr pdcm pcid sse4_1 sse4_2 x2apic movbe popcnt tsc_deadline_timer aes xsave avx f16c rdrand lahf_lm abm 3dnowprefetch cpuid_fault epb invpcid_single pti ssbd ibrs ibpb stibp tpr_shadow vnmi flexpriority ept vpid ept_ad fsgsbase tsc_adjust bmi1 avx2 smep bmi2 erms invpcid mpx rdseed adx smap clflushopt intel_pt xsaveopt xsavec xgetbv1 xsaves dtherm ida arat pln pts hwp hwp_notify hwp_act_window hwp_epp md_clear flush_l1d arch_capabilities
vmx flags	: vnmi preemption_timer invvpid ept_x_only ept_ad ept_1gb flexpriority tsc_offset vtpr mtf vapic ept vpid unrestricted_guest ple shadow_vmcs pml
bugs		: cpu_meltdown spectre_v1 spectre_v2 spec_store_bypass l1tf mds swapgs taa itlb_multihit srbds mmio_stale_data retbleed
bogomips	: 5399.81
clflush size	: 64
cache_alignment	: 64
address sizes	: 39 bits physical, 48 bits virtual
power management:

processor	: 2
vendor_id	: GenuineIntel
cpu family	: 6
model		: 94
model name	: Intel(R) Core(TM) i7-6820HQ CPU @ 2.70GHz
stepping	: 3
microcode	: 0xf0
cpu MHz		: 3356.620
cache size	: 8192 KB
physical id	: 0
siblings	: 4
core id		: 2
cpu cores	: 4
apicid		: 4
initial apicid	: 4
fpu		: yes
fpu_exception	: yes
cpuid level	: 22
wp		: yes
flags		: fpu vme de pse tsc msr pae mce cx8 apic sep mtrr pge mca cmov pat pse36 clflush dts acpi mmx fxsr sse sse2 ss ht tm pbe syscall nx pdpe1gb rdtscp lm constant_tsc art arch_perfmon pebs bts rep_good nopl xtopology nonstop_tsc cpuid aperfmperf pni pclmulqdq dtes64 monitor ds_cpl vmx smx est tm2 ssse3 sdbg fma cx16 xtpr pdcm pcid sse4_1 sse4_2 x2apic movbe popcnt tsc_deadline_timer aes xsave avx f16c rdrand lahf_lm abm 3dnowprefetch cpuid_fault epb invpcid_single pti ssbd ibrs ibpb stibp tpr_shadow vnmi flexpriority ept vpid ept_ad fsgsbase tsc_adjust bmi1 avx2 smep bmi2 erms invpcid mpx rdseed adx smap clflushopt intel_pt xsaveopt xsavec xgetbv1 xsaves dtherm ida arat pln pts hwp hwp_notify hwp_act_window hwp_epp md_clear flush_l1d arch_capabilities
vmx flags	: vnmi preemption_timer invvpid ept_x_only ept_ad ept_1gb flexpriority tsc_offset vtpr mtf vapic ept vpid unrestricted_guest ple shadow_vmcs pml
bugs		: cpu_meltdown spectre_v1 spectre_v2 spec_store_bypass l1tf mds swapgs taa itlb_multihit srbds mmio_stale_data retbleed
bogomips	: 5399.81
clflush size	: 64
cache_alignment	: 64
address sizes	: 39 bits physical, 48 bits virtual
power management:

processor	: 3
vendor_id	: GenuineIntel
cpu family	: 6
model		: 94
model name	: Intel(R) Core(TM) i7-6820HQ CPU @ 2.70GHz
stepping	: 3
microcode	: 0xf0
cpu MHz		: 3299.257
cache size	: 8192 KB
physical id	: 0
siblings	: 4
core id		: 3
cpu cores	: 4
apicid		: 6
initial apicid	: 6
fpu		: yes
fpu_exception	: yes
cpuid level	: 22
wp		: yes
flags		: fpu vme de pse tsc msr pae mce cx8 apic sep mtrr pge mca cmov pat pse36 clflush dts acpi mmx fxsr sse sse2 ss ht tm pbe syscall nx pdpe1gb rdtscp lm constant_tsc art arch_perfmon pebs bts rep_good nopl xtopology nonstop_tsc cpuid aperfmperf pni pclmulqdq dtes64 monitor ds_cpl vmx smx est tm2 ssse3 sdbg fma cx16 xtpr pdcm pcid sse4_1 sse4_2 x2apic movbe popcnt tsc_deadline_timer aes xsave avx f16c rdrand lahf_lm abm 3dnowprefetch cpuid_fault epb invpcid_single pti ssbd ibrs ibpb stibp tpr_shadow vnmi flexpriority ept vpid ept_ad fsgsbase tsc_adjust bmi1 avx2 smep bmi2 erms invpcid mpx rdseed adx smap clflushopt intel_pt xsaveopt xsavec xgetbv1 xsaves dtherm ida arat pln pts hwp hwp_notify hwp_act_window hwp_epp md_clear flush_l1d arch_capabilities
vmx flags	: vnmi preemption_timer invvpid ept_x_only ept_ad ept_1gb flexpriority tsc_offset vtpr mtf vapic ept vpid unrestricted_guest ple shadow_vmcs pml
bugs		: cpu_meltdown spectre_v1 spectre_v2 spec_store_bypass l1tf mds swapgs taa itlb_multihit srbds mmio_stale_data retbleed
bogomips	: 5399.81
clflush size	: 64
cache_alignment	: 64
address sizes	: 39 bits physical, 48 bits virtual
power management:

            CPU0       CPU1       CPU2       CPU3       
   0:         38          0          0          0  IR-IO-APIC    2-edge      timer
   1:          0          0          0       1001  IR-IO-APIC    1-edge      i8042
   8:          1          0          0          0  IR-IO-APIC    8-edge      rtc0
   9:          0     139082          0          0  IR-IO-APIC    9-fasteoi   acpi
  12:          0          0     203329          0  IR-IO-APIC   12-edge      i8042
  16:          0          0          3          0  IR-IO-APIC   16-fasteoi   i801_smbus
 120:          0          0          0          0  DMAR-MSI    0-edge      dmar0
 121:          0          0          0          0  DMAR-MSI    1-edge      dmar1
 126:          0          0          0     696064  IR-PCI-MSI 376832-edge      ahci[0000:00:17.0]
 127:          0       5232     631836          0  IR-PCI-MSI 327680-edge      xhci_hcd
 128:          0        506          0          0  IR-PCI-MSI 2097152-edge      rtsx_pci
 129:          0          0         15    1152236  IR-PCI-MSI 520192-edge      enp0s31f6
 130:         13          0          0          5  IR-PCI-MSI 1048576-edge      nvkm
 131:        629          0    9207357          0  IR-PCI-MSI 32768-edge      i915
 132:          0         65          0          0  IR-PCI-MSI 360448-edge      mei_me
 133:          0          0          0         49  IR-PCI-MSI 1572864-edge      iwlwifi
 134:       1177          0          0          0  IR-PCI-MSI 514048-edge      snd_hda_intel:card0
 NMI:        423        424        431        418   Non-maskable interrupts
 LOC:   24585339   23705677   23096895   22481677   Local timer interrupts
 SPU:          0          0          0          0   Spurious interrupts
 PMI:        423        424        431        418   Performance monitoring interrupts
 IWI:     188722     176097    4012386     194392   IRQ work interrupts
 RTR:          6          0          0          0   APIC ICR read retries
 RES:    3032348    3054913    3073066    3067333   Rescheduling interrupts
 CAL:    2007225    1886614    1842936    1822803   Function call interrupts
 TLB:     834910     821519     882578     886401   TLB shootdowns
 TRM:          0          0          0          0   Thermal event interrupts
 THR:          0          0          0          0   Threshold APIC interrupts
 DFR:          0          0          0          0   Deferred Error APIC interrupts
 MCE:          0          0          0          0   Machine check exceptions
 MCP:        126        127        127        127   Machine check polls
 ERR:          0
 MIS:          0
 PIN:          0          0          0          0   Posted-interrupt notification event
 NPI:          0          0          0          0   Nested posted-interrupt event
 PIW:          0          0          0          0   Posted-interrupt wakeup event
MemTotal:       16241860 kB
MemFree:         5392752 kB
MemAvailable:   11160932 kB
Buffers:          644344 kB
Cached:          6137464 kB
SwapCached:           88 kB
Active:          3310168 kB
Inactive:        6401308 kB
Active(anon):     234828 kB
Inactive(anon):  3721332 kB
Active(file):    3075340 kB
Inactive(file):  2679976 kB
Unevictable:      404632 kB
Mlocked:             184 kB
SwapTotal:      16601080 kB
SwapFree:       16599032 kB
Zswap:                 0 kB
Zswapped:              0 kB
Dirty:               512 kB
Writeback:            88 kB
AnonPages:       3334300 kB
Mapped:           858532 kB
Shmem:           1026268 kB
KReclaimable:     350456 kB
Slab:             508500 kB
SReclaimable:     350456 kB
SUnreclaim:       158044 kB
KernelStack:       19840 kB
PageTables:        47464 kB
NFS_Unstable:          0 kB
Bounce:                0 kB
WritebackTmp:          0 kB
CommitLimit:    24722008 kB
Committed_AS:   11273556 kB
VmallocTotal:   34359738367 kB
VmallocUsed:       82872 kB
VmallocChunk:          0 kB
Percpu:             7616 kB
HardwareCorrupted:     0 kB
AnonHugePages:         0 kB
ShmemHugePages:        0 kB
ShmemPmdMapped:        0 kB
FileHugePages:         0 kB
FilePmdMapped:         0 kB
CmaTotal:              0 kB
CmaFree:               0 kB
HugePages_Total:       0
HugePages_Free:        0
HugePages_Rsvd:        0
HugePages_Surp:        0
Hugepagesize:       2048 kB
Hugetlb:               0 kB
DirectMap4k:      380392 kB
DirectMap2M:    11016192 kB
DirectMap1G:     6291456 kB
Inter-|   Receive                                                |  Transmit
 face |bytes    packets errs drop fifo frame compressed multicast|bytes    packets errs drop fifo colls carrier compressed
    lo:  307129    2471    0    0    0     0          0         0   307129    2471    0    0    0     0       0          0
enp0s31f6: 672645123  686121    0    0    0     0          0         0 60881506  523376    0    0    0     0       0          0
wlp3s0:       0       0    0    0    0     0          0         0        0       0    0    0    0     0       0          0
virbr0:       0       0    0    0    0     0          0         0        0       0    0    0    0     0       0          0
virbr2: 131939979990 12949352    0    0    0     0          0        82 724135061 8643862    0    0    0     0       0          0
