processor	: 0
vendor_id	: GenuineIntel
cpu family	: 6
model		: 94
model name	: Intel(R) Core(TM) i7-6820HQ CPU @ 2.70GHz
stepping	: 3
microcode	: 0xf0
cpu MHz		: 2801.293
cache size	: 8192 KB
physical id	: 0
siblings	: 4
core id		: 0
cpu cores	: 4
apicid		: 0
initial apicid	: 0
fpu		: yes
fpu_exception	: yes
cpuid level	: 22
wp		: yes
flags		: fpu vme de pse tsc msr pae mce cx8 apic sep mtrr pge mca cmov pat pse36 clflush dts acpi mmx fxsr sse sse2 ss ht tm pbe syscall nx pdpe1gb rdtscp lm constant_tsc art arch_perfmon pebs bts rep_good nopl xtopology nonstop_tsc cpuid aperfmperf pni pclmulqdq dtes64 monitor ds_cpl vmx smx est tm2 ssse3 sdbg fma cx16 xtpr pdcm pcid sse4_1 sse4_2 x2apic movbe popcnt tsc_deadline_timer aes xsave avx f16c rdrand lahf_lm abm 3dnowprefetch cpuid_fault epb invpcid_single pti ssbd ibrs ibpb stibp tpr_shadow vnmi flexpriority ept vpid ept_ad fsgsbase tsc_adjust bmi1 avx2 smep bmi2 erms invpcid mpx rdseed adx smap clflushopt intel_pt xsaveopt xsavec xgetbv1 xsaves dtherm ida arat pln pts hwp hwp_notify hwp_act_window hwp_epp md_clear flush_l1d arch_capabilities
vmx flags	: vnmi preemption_timer invvpid ept_x_only ept_ad ept_1gb flexpriority tsc_offset vtpr mtf vapic ept vpid unrestricted_guest ple shadow_vmcs pml
bugs		: cpu_meltdown spectre_v1 spectre_v2 spec_store_bypass l1tf mds swapgs taa itlb_multihit srbds mmio_stale_data retbleed
bogomips	: 5399.81
clflush size	: 64
cache_alignment	: 64
address sizes	: 39 bits physical, 48 bits virtual
power management:

processor	: 1
vendor_id	: GenuineIntel
cpu family	: 6
model		: 94
model name	: Intel(R) Core(TM) i7-6820HQ CPU @ 2.70GHz
stepping	: 3
microcode	: 0xf0
cpu MHz		: 2800.004
cache size	: 8192 KB
physical id	: 0
siblings	: 4
core id		: 1
cpu cores	: 4
apicid		: 2
initial apicid	: 2
fpu		: yes
fpu_exception	: yes
cpuid level	: 22
wp		: yes
flags		: fpu vme de pse tsc msr pae mce cx8 apic sep mtrr pge mca cmov pat pse36 clflush dts acpi mmx fxsr sse sse2 ss ht tm pbe syscall nx pdpe1gb rdtscp lm constant_tsc art arch_perfmon pebs bts rep_good nopl xtopology nonstop_tsc cpuid aperfmperf pni pclmulqdq dtes64 monitor ds_cpl vmx smx est tm2 ssse3 sdbg fma cx16 xtpr pdcm pcid sse4_1 sse4_2 x2apic movbe popcnt tsc_deadline_timer aes xsave avx f16c rdrand lahf_lm abm 3dnowprefetch cpuid_fault epb invpcid_single pti ssbd ibrs ibpb stibp tpr_shadow vnmi flexpriority ept vpid ept_ad fsgsbase tsc_adjust bmi1 avx2 smep bmi2 erms invpcid mpx rdseed adx smap clflushopt intel_pt xsaveopt xsavec xgetbv1 xsaves dtherm ida arat pln pts hwp hwp_notify hwp_act_window hwp_epp md_clear flush_l1d arch_capabilities
vmx flags	: vnmi preemption_timer invvpid ept_x_only ept_ad ept_1gb flexpriority tsc_offset vtpr mtf vapic ept vpid unrestricted_guest ple shadow_vmcs pml
bugs		: cpu_meltdown spectre_v1 spectre_v2 spec_store_bypass l1tf mds swapgs taa itlb_multihit srbds mmio_stale_data retbleed
bogomips	: 5399.81
clflush size	: 64
cache_alignment	: 64
address sizes	: 39 bits physical, 48 bits virtual
power management:

processor	: 2
vendor_id	: GenuineIntel
cpu family	: 6
model		: 94
model name	: Intel(R) Core(TM) i7-6820HQ CPU @ 2.70GHz
stepping	: 3
microcode	: 0xf0
cpu MHz		: 2800.040
cache size	: 8192 KB
physical id	: 0
siblings	: 4
core id		: 2
cpu cores	: 4
apicid		: 4
initial apicid	: 4
fpu		: yes
fpu_exception	: yes
cpuid level	: 22
wp		: yes
flags		: fpu vme de pse tsc msr pae mce cx8 apic sep mtrr pge mca cmov pat pse36 clflush dts acpi mmx fxsr sse sse2 ss ht tm pbe syscall nx pdpe1gb rdtscp lm constant_tsc art arch_perfmon pebs bts rep_good nopl xtopology nonstop_tsc cpuid aperfmperf pni pclmulqdq dtes64 monitor ds_cpl vmx smx est tm2 ssse3 sdbg fma cx16 xtpr pdcm pcid sse4_1 sse4_2 x2apic movbe popcnt tsc_deadline_timer aes xsave avx f16c rdrand lahf_lm abm 3dnowprefetch cpuid_fault epb invpcid_single pti ssbd ibrs ibpb stibp tpr_shadow vnmi flexpriority ept vpid ept_ad fsgsbase tsc_adjust bmi1 avx2 smep bmi2 erms invpcid mpx rdseed adx smap clflushopt intel_pt xsaveopt xsavec xgetbv1 xsaves dtherm ida arat pln pts hwp hwp_notify hwp_act_window hwp_epp md_clear flush_l1d arch_capabilities
vmx flags	: vnmi preemption_timer invvpid ept_x_only ept_ad ept_1gb flexpriority tsc_offset vtpr mtf vapic ept vpid unrestricted_guest ple shadow_vmcs pml
bugs		: cpu_meltdown spectre_v1 spectre_v2 spec_store_bypass l1tf mds swapgs taa itlb_multihit srbds mmio_stale_data retbleed
bogomips	: 5399.81
clflush size	: 64
cache_alignment	: 64
address sizes	: 39 bits physical, 48 bits virtual
power management:

processor	: 3
vendor_id	: GenuineIntel
cpu family	: 6
model		: 94
model name	: Intel(R) Core(TM) i7-6820HQ CPU @ 2.70GHz
stepping	: 3
microcode	: 0xf0
cpu MHz		: 2800.139
cache size	: 8192 KB
physical id	: 0
siblings	: 4
core id		: 3
cpu cores	: 4
apicid		: 6
initial apicid	: 6
fpu		: yes
fpu_exception	: yes
cpuid level	: 22
wp		: yes
flags		: fpu vme de pse tsc msr pae mce cx8 apic sep mtrr pge mca cmov pat pse36 clflush dts acpi mmx fxsr sse sse2 ss ht tm pbe syscall nx pdpe1gb rdtscp lm constant_tsc art arch_perfmon pebs bts rep_good nopl xtopology nonstop_tsc cpuid aperfmperf pni pclmulqdq dtes64 monitor ds_cpl vmx smx est tm2 ssse3 sdbg fma cx16 xtpr pdcm pcid sse4_1 sse4_2 x2apic movbe popcnt tsc_deadline_timer aes xsave avx f16c rdrand lahf_lm abm 3dnowprefetch cpuid_fault epb invpcid_single pti ssbd ibrs ibpb stibp tpr_shadow vnmi flexpriority ept vpid ept_ad fsgsbase tsc_adjust bmi1 avx2 smep bmi2 erms invpcid mpx rdseed adx smap clflushopt intel_pt xsaveopt xsavec xgetbv1 xsaves dtherm ida arat pln pts hwp hwp_notify hwp_act_window hwp_epp md_clear flush_l1d arch_capabilities
vmx flags	: vnmi preemption_timer invvpid ept_x_only ept_ad ept_1gb flexpriority tsc_offset vtpr mtf vapic ept vpid unrestricted_guest ple shadow_vmcs pml
bugs		: cpu_meltdown spectre_v1 spectre_v2 spec_store_bypass l1tf mds swapgs taa itlb_multihit srbds mmio_stale_data retbleed
bogomips	: 5399.81
clflush size	: 64
cache_alignment	: 64
address sizes	: 39 bits physical, 48 bits virtual
power management:

            CPU0       CPU1       CPU2       CPU3       
   0:         39          0          0          0  IR-IO-APIC    2-edge      timer
   1:          0          0          0      28568  IR-IO-APIC    1-edge      i8042
   8:          0          0          0          0  IR-IO-APIC    8-edge      rtc0
   9:          0     169980          0          0  IR-IO-APIC    9-fasteoi   acpi
  12:          0          0    1882987          0  IR-IO-APIC   12-edge      i8042
  16:          0          0          3          0  IR-IO-APIC   16-fasteoi   i801_smbus
 120:          0          0          0          0  DMAR-MSI    0-edge      dmar0
 121:          0          0          0          0  DMAR-MSI    1-edge      dmar1
 126:          0          0          0    1964147  IR-PCI-MSI 376832-edge      ahci[0000:00:17.0]
 127:          0       1368    1116015          0  IR-PCI-MSI 327680-edge      xhci_hcd
 128:          0        556          0          0  IR-PCI-MSI 2097152-edge      rtsx_pci
 129:          0          0         17    5611255  IR-PCI-MSI 520192-edge      enp0s31f6
 130:         31          0          0          5  IR-PCI-MSI 1048576-edge      nvkm
 131:        626          0   13681759          0  IR-PCI-MSI 32768-edge      i915
 132:          0         63          0          0  IR-PCI-MSI 360448-edge      mei_me
 133:          0          0          0         46  IR-PCI-MSI 1572864-edge      iwlwifi
 134:       1333          0          0          0  IR-PCI-MSI 514048-edge      snd_hda_intel:card0
 NMI:        852        841        852        825   Non-maskable interrupts
 LOC:   30596280   29809486   30193297   28627049   Local timer interrupts
 SPU:          0          0          0          0   Spurious interrupts
 PMI:        852        841        852        825   Performance monitoring interrupts
 IWI:     305001     284107    5538326     310156   IRQ work interrupts
 RTR:          6          0          0          0   APIC ICR read retries
 RES:    5411760    5256548    5121036    5309127   Rescheduling interrupts
 CAL:    5095709    4864789    4783243    4801450   Function call interrupts
 TLB:    3285771    3215624    3242410    3283556   TLB shootdowns
 TRM:          0          0          0          0   Thermal event interrupts
 THR:          0          0          0          0   Threshold APIC interrupts
 DFR:          0          0          0          0   Deferred Error APIC interrupts
 MCE:          0          0          0          0   Machine check exceptions
 MCP:        154        155        155        155   Machine check polls
 ERR:          0
 MIS:          0
 PIN:          0          0          0          0   Posted-interrupt notification event
 NPI:          0          0          0          0   Nested posted-interrupt event
 PIW:          0          0          0          0   Posted-interrupt wakeup event
MemTotal:       16240472 kB
MemFree:         5764424 kB
MemAvailable:   11599400 kB
Buffers:         1121024 kB
Cached:          5417236 kB
SwapCached:          196 kB
Active:          4165748 kB
Inactive:        5218356 kB
Active(anon):     324236 kB
Inactive(anon):  3375760 kB
Active(file):    3841512 kB
Inactive(file):  1842596 kB
Unevictable:      180276 kB
Mlocked:              80 kB
SwapTotal:      16601080 kB
SwapFree:       16598008 kB
Zswap:                 0 kB
Zswapped:              0 kB
Dirty:               688 kB
Writeback:             0 kB
AnonPages:       3026156 kB
Mapped:           803132 kB
Shmem:            854148 kB
KReclaimable:     488452 kB
Slab:             677268 kB
SReclaimable:     488452 kB
SUnreclaim:       188816 kB
KernelStack:       19728 kB
PageTables:        46964 kB
NFS_Unstable:          0 kB
Bounce:                0 kB
WritebackTmp:          0 kB
CommitLimit:    24721316 kB
Committed_AS:   10893068 kB
VmallocTotal:   34359738367 kB
VmallocUsed:       85828 kB
VmallocChunk:          0 kB
Percpu:             7712 kB
HardwareCorrupted:     0 kB
AnonHugePages:         0 kB
ShmemHugePages:        0 kB
ShmemPmdMapped:        0 kB
FileHugePages:         0 kB
FilePmdMapped:         0 kB
CmaTotal:              0 kB
CmaFree:               0 kB
HugePages_Total:       0
HugePages_Free:        0
HugePages_Rsvd:        0
HugePages_Surp:        0
Hugepagesize:       2048 kB
Hugetlb:               0 kB
DirectMap4k:      316904 kB
DirectMap2M:    13176832 kB
DirectMap1G:     4194304 kB
Inter-|   Receive                                                |  Transmit
 face |bytes    packets errs drop fifo frame compressed multicast|bytes    packets errs drop fifo colls carrier compressed
    lo: 203398319  414266    0    0    0     0          0         0 203398319  414266    0    0    0     0       0          0
enp0s31f6: 5122054605 4199231    4 121766    0     2          0         0 1451864214 3008089    0    0    0     0       0          0
wlp3s0:       0       0    0    0    0     0          0         0        0       0    0    0    0     0       0          0
virbr0:       0       0    0    0    0     0          0         0        0       0    0    0    0     0       0          0
virbr2: 177806558086 17365569    0    0    0     0          0        57 943922498 11257216    0    0    0     0       0          0
