processor	: 0
vendor_id	: GenuineIntel
cpu family	: 6
model		: 13
model name	: QEMU Virtual CPU version 1.5.3
stepping	: 3
microcode	: 0x1
cpu MHz		: 1994.999
cache size	: 4096 KB
physical id	: 0
siblings	: 1
core id		: 0
cpu cores	: 1
apicid		: 0
initial apicid	: 0
fpu		: yes
fpu_exception	: yes
cpuid level	: 4
wp		: yes
flags		: fpu de pse tsc msr pae mce cx8 apic sep mtrr pge mca cmov pse36 clflush mmx fxsr sse sse2 syscall nx lm rep_good nopl pni cx16 hypervisor lahf_lm
bogomips	: 3989.99
clflush size	: 64
cache_alignment	: 64
address sizes	: 38 bits physical, 48 bits virtual
power management:

processor	: 1
vendor_id	: GenuineIntel
cpu family	: 6
model		: 13
model name	: QEMU Virtual CPU version 1.5.3
stepping	: 3
microcode	: 0x1
cpu MHz		: 1994.999
cache size	: 4096 KB
physical id	: 1
siblings	: 1
core id		: 0
cpu cores	: 1
apicid		: 1
initial apicid	: 1
fpu		: yes
fpu_exception	: yes
cpuid level	: 4
wp		: yes
flags		: fpu de pse tsc msr pae mce cx8 apic sep mtrr pge mca cmov pse36 clflush mmx fxsr sse sse2 syscall nx lm rep_good nopl pni cx16 hypervisor lahf_lm
bogomips	: 3989.99
clflush size	: 64
cache_alignment	: 64
address sizes	: 38 bits physical, 48 bits virtual
power management:

processor	: 2
vendor_id	: GenuineIntel
cpu family	: 6
model		: 13
model name	: QEMU Virtual CPU version 1.5.3
stepping	: 3
microcode	: 0x1
cpu MHz		: 1994.999
cache size	: 4096 KB
physical id	: 2
siblings	: 1
core id		: 0
cpu cores	: 1
apicid		: 2
initial apicid	: 2
fpu		: yes
fpu_exception	: yes
cpuid level	: 4
wp		: yes
flags		: fpu de pse tsc msr pae mce cx8 apic sep mtrr pge mca cmov pse36 clflush mmx fxsr sse sse2 syscall nx lm rep_good nopl pni cx16 hypervisor lahf_lm
bogomips	: 3989.99
clflush size	: 64
cache_alignment	: 64
address sizes	: 38 bits physical, 48 bits virtual
power management:

processor	: 3
vendor_id	: GenuineIntel
cpu family	: 6
model		: 13
model name	: QEMU Virtual CPU version 1.5.3
stepping	: 3
microcode	: 0x1
cpu MHz		: 1994.999
cache size	: 4096 KB
physical id	: 3
siblings	: 1
core id		: 0
cpu cores	: 1
apicid		: 3
initial apicid	: 3
fpu		: yes
fpu_exception	: yes
cpuid level	: 4
wp		: yes
flags		: fpu de pse tsc msr pae mce cx8 apic sep mtrr pge mca cmov pse36 clflush mmx fxsr sse sse2 syscall nx lm rep_good nopl pni cx16 hypervisor lahf_lm
bogomips	: 3989.99
clflush size	: 64
cache_alignment	: 64
address sizes	: 38 bits physical, 48 bits virtual
power management:

           CPU0       CPU1       CPU2       CPU3       
  0:        135          0          0          0   IO-APIC-edge      timer
  1:          1          2          3          2   IO-APIC-edge      i8042
  6:          0          1          1          1   IO-APIC-edge      floppy
  8:          0          0          0          0   IO-APIC-edge      rtc0
  9:          0          0          0          0   IO-APIC-fasteoi   acpi
 10:        496        482        486        468   IO-APIC-fasteoi   virtio4
 11:         10        147         30         27   IO-APIC-fasteoi   uhci_hcd:usb1, qxl
 12:          0         41         47         38   IO-APIC-edge      i8042
 14:          0          0          0          0   IO-APIC-edge      ata_piix
 15:         24         20     182202         20   IO-APIC-edge      ata_piix
 24:          0          0          0          0   PCI-MSI-edge      virtio0-config
 25:          0          0          0          0   PCI-MSI-edge      virtio2-config
 26:          0          3          1          4   PCI-MSI-edge      virtio2-virtqueues
 27:    3075155         25         27         24   PCI-MSI-edge      virtio0-input.0
 28:          0          0          1          0   PCI-MSI-edge      virtio0-output.0
 29:          0          0          0          0   PCI-MSI-edge      virtio1-config
 30:          8         10          6     263042   PCI-MSI-edge      virtio1-input.0
 31:          0          1          1          0   PCI-MSI-edge      virtio1-output.0
 32:          0          0          0          0   PCI-MSI-edge      virtio3-config
 33:       2251       1443       1443      76439   PCI-MSI-edge      virtio3-req.0
NMI:          0          0          0          0   Non-maskable interrupts
LOC:    2928502    2336072    2358940    2472920   Local timer interrupts
SPU:          0          0          0          0   Spurious interrupts
PMI:          0          0          0          0   Performance monitoring interrupts
IWI:     172144      62813      48129      57019   IRQ work interrupts
RTR:          0          0          0          0   APIC ICR read retries
RES:     803123     677010     571558     698502   Rescheduling interrupts
CAL:      22679      11469      17535       1233   Function call interrupts
TLB:      82367      78077      78876      80352   TLB shootdowns
TRM:          0          0          0          0   Thermal event interrupts
THR:          0          0          0          0   Threshold APIC interrupts
MCE:          0          0          0          0   Machine check exceptions
MCP:        624        624        624        624   Machine check polls
ERR:          0
MIS:          0
MemTotal:        1785008 kB
MemFree:          254052 kB
MemAvailable:    1298532 kB
Buffers:               0 kB
Cached:           491108 kB
SwapCached:          252 kB
Active:           329132 kB
Inactive:         223080 kB
Active(anon):      28840 kB
Inactive(anon):    73412 kB
Active(file):     300292 kB
Inactive(file):   149668 kB
Unevictable:           0 kB
Mlocked:               0 kB
SwapTotal:       3354620 kB
SwapFree:        3353308 kB
Dirty:              1476 kB
Writeback:             0 kB
AnonPages:         61072 kB
Mapped:            18504 kB
Shmem:             41148 kB
Slab:             898368 kB
SReclaimable:     847936 kB
SUnreclaim:        50432 kB
KernelStack:        2672 kB
PageTables:         5384 kB
NFS_Unstable:          0 kB
Bounce:                0 kB
WritebackTmp:          0 kB
CommitLimit:     4247124 kB
Committed_AS:     383308 kB
VmallocTotal:   34359738367 kB
VmallocUsed:      149692 kB
VmallocChunk:   34359524352 kB
HardwareCorrupted:     0 kB
AnonHugePages:      6144 kB
HugePages_Total:       0
HugePages_Free:        0
HugePages_Rsvd:        0
HugePages_Surp:        0
Hugepagesize:       2048 kB
DirectMap4k:       67576 kB
DirectMap2M:     4126720 kB
Inter-|   Receive                                                |  Transmit
 face |bytes    packets errs drop fifo frame compressed multicast|bytes    packets errs drop fifo colls carrier compressed
  eth0: 218826535 3198986    0 95481    0     0          0         0  7353205   57500    0    0    0     0       0          0
  eth1: 29582092  268307    0 93503    0     0          0         0 30026750   67530    0    0    0     0       0          0
    lo:    1056      11    0    0    0     0          0         0     1056      11    0    0    0     0       0          0
