processor	: 0
vendor_id	: GenuineIntel
cpu family	: 6
model		: 58
model name	: Intel(R) Core(TM) i7-3520M CPU @ 2.90GHz
stepping	: 9
microcode	: 0x1b
cpu MHz		: 2736.761
cache size	: 4096 KB
physical id	: 0
siblings	: 4
core id		: 0
cpu cores	: 2
apicid		: 0
initial apicid	: 0
fpu		: yes
fpu_exception	: yes
cpuid level	: 13
wp		: yes
flags		: fpu vme de pse tsc msr pae mce cx8 apic sep mtrr pge mca cmov pat pse36 clflush dts acpi mmx fxsr sse sse2 ss ht tm pbe syscall nx rdtscp lm constant_tsc arch_perfmon pebs bts rep_good nopl xtopology nonstop_tsc aperfmperf eagerfpu pni pclmulqdq dtes64 monitor ds_cpl vmx smx est tm2 ssse3 cx16 xtpr pdcm pcid sse4_1 sse4_2 x2apic popcnt tsc_deadline_timer aes xsave avx f16c rdrand lahf_lm ida arat epb pln pts dtherm tpr_shadow vnmi flexpriority ept vpid fsgsbase smep erms xsaveopt
bugs		:
bogomips	: 5786.61
clflush size	: 64
cache_alignment	: 64
address sizes	: 36 bits physical, 48 bits virtual
power management:

processor	: 1
vendor_id	: GenuineIntel
cpu family	: 6
model		: 58
model name	: Intel(R) Core(TM) i7-3520M CPU @ 2.90GHz
stepping	: 9
microcode	: 0x1b
cpu MHz		: 2185.535
cache size	: 4096 KB
physical id	: 0
siblings	: 4
core id		: 0
cpu cores	: 2
apicid		: 1
initial apicid	: 1
fpu		: yes
fpu_exception	: yes
cpuid level	: 13
wp		: yes
flags		: fpu vme de pse tsc msr pae mce cx8 apic sep mtrr pge mca cmov pat pse36 clflush dts acpi mmx fxsr sse sse2 ss ht tm pbe syscall nx rdtscp lm constant_tsc arch_perfmon pebs bts rep_good nopl xtopology nonstop_tsc aperfmperf eagerfpu pni pclmulqdq dtes64 monitor ds_cpl vmx smx est tm2 ssse3 cx16 xtpr pdcm pcid sse4_1 sse4_2 x2apic popcnt tsc_deadline_timer aes xsave avx f16c rdrand lahf_lm ida arat epb pln pts dtherm tpr_shadow vnmi flexpriority ept vpid fsgsbase smep erms xsaveopt
bugs		:
bogomips	: 5786.61
clflush size	: 64
cache_alignment	: 64
address sizes	: 36 bits physical, 48 bits virtual
power management:

processor	: 2
vendor_id	: GenuineIntel
cpu family	: 6
model		: 58
model name	: Intel(R) Core(TM) i7-3520M CPU @ 2.90GHz
stepping	: 9
microcode	: 0x1b
cpu MHz		: 2806.203
cache size	: 4096 KB
physical id	: 0
siblings	: 4
core id		: 1
cpu cores	: 2
apicid		: 2
initial apicid	: 2
fpu		: yes
fpu_exception	: yes
cpuid level	: 13
wp		: yes
flags		: fpu vme de pse tsc msr pae mce cx8 apic sep mtrr pge mca cmov pat pse36 clflush dts acpi mmx fxsr sse sse2 ss ht tm pbe syscall nx rdtscp lm constant_tsc arch_perfmon pebs bts rep_good nopl xtopology nonstop_tsc aperfmperf eagerfpu pni pclmulqdq dtes64 monitor ds_cpl vmx smx est tm2 ssse3 cx16 xtpr pdcm pcid sse4_1 sse4_2 x2apic popcnt tsc_deadline_timer aes xsave avx f16c rdrand lahf_lm ida arat epb pln pts dtherm tpr_shadow vnmi flexpriority ept vpid fsgsbase smep erms xsaveopt
bugs		:
bogomips	: 5786.61
clflush size	: 64
cache_alignment	: 64
address sizes	: 36 bits physical, 48 bits virtual
power management:

processor	: 3
vendor_id	: GenuineIntel
cpu family	: 6
model		: 58
model name	: Intel(R) Core(TM) i7-3520M CPU @ 2.90GHz
stepping	: 9
microcode	: 0x1b
cpu MHz		: 2908.609
cache size	: 4096 KB
physical id	: 0
siblings	: 4
core id		: 1
cpu cores	: 2
apicid		: 3
initial apicid	: 3
fpu		: yes
fpu_exception	: yes
cpuid level	: 13
wp		: yes
flags		: fpu vme de pse tsc msr pae mce cx8 apic sep mtrr pge mca cmov pat pse36 clflush dts acpi mmx fxsr sse sse2 ss ht tm pbe syscall nx rdtscp lm constant_tsc arch_perfmon pebs bts rep_good nopl xtopology nonstop_tsc aperfmperf eagerfpu pni pclmulqdq dtes64 monitor ds_cpl vmx smx est tm2 ssse3 cx16 xtpr pdcm pcid sse4_1 sse4_2 x2apic popcnt tsc_deadline_timer aes xsave avx f16c rdrand lahf_lm ida arat epb pln pts dtherm tpr_shadow vnmi flexpriority ept vpid fsgsbase smep erms xsaveopt
bugs		:
bogomips	: 5786.61
clflush size	: 64
cache_alignment	: 64
address sizes	: 36 bits physical, 48 bits virtual
power management:

           CPU0       CPU1       CPU2       CPU3       
  0:         68          0          0          0   IO-APIC   2-edge      timer
  1:        689       7853        658        778   IO-APIC   1-edge      i8042
  8:          0          0          1          0   IO-APIC   8-edge      rtc0
  9:       1160        695        344        261   IO-APIC   9-fasteoi   acpi
 12:     314976    1327914     163447     143732   IO-APIC  12-edge      i8042
 16:        332        194        163        132   IO-APIC  16-fasteoi   ehci_hcd:usb3, mmc0
 18:          0          0          0          0   IO-APIC  18-fasteoi   i801_smbus
 23:         17         31          0          0   IO-APIC  23-fasteoi   ehci_hcd:usb4
 24:      43443       5748     786804       3298   PCI-MSI 512000-edge      0000:00:1f.2
 25:          0          0          0          0   PCI-MSI 327680-edge      xhci_hcd
 26:          3          4          1          1   PCI-MSI 409600-edge      enp0s25
 27:        852        591         64         42   PCI-MSI 32768-edge      i915
 28:          8          6          3          6   PCI-MSI 360448-edge      mei_me
 29:         62         82          0          6   PCI-MSI 442368-edge      snd_hda_intel
 30:     779528       1591         37         80   PCI-MSI 1572864-edge      iwlwifi
NMI:         94         87         91         87   Non-maskable interrupts
LOC:    2716585    2176306    2757682    2241051   Local timer interrupts
SPU:          0          0          0          0   Spurious interrupts
PMI:         94         87         91         87   Performance monitoring interrupts
IWI:          0          6          3          4   IRQ work interrupts
RTR:          0          0          0          0   APIC ICR read retries
RES:     181902     181908     174961     218150   Rescheduling interrupts
CAL:     155914      95370     153295      90514   Function call interrupts
TLB:      19954      22440      21483      20784   TLB shootdowns
TRM:          0          0          0          0   Thermal event interrupts
THR:          0          0          0          0   Threshold APIC interrupts
DFR:          0          0          0          0   Deferred Error APIC interrupts
MCE:          0          0          0          0   Machine check exceptions
MCP:         29         29         29         29   Machine check polls
HYP:          0          0          0          0   Hypervisor callback interrupts
ERR:          0
MIS:          0
PIN:          0          0          0          0   Posted-interrupt notification event
PIW:          0          0          0          0   Posted-interrupt wakeup event
MemTotal:       16127228 kB
MemFree:        11186684 kB
MemAvailable:   11365672 kB
Buffers:           13604 kB
Cached:           251132 kB
SwapCached:      1968812 kB
Active:          2291884 kB
Inactive:        2270760 kB
Active(anon):    2258436 kB
Inactive(anon):  2128252 kB
Active(file):      33448 kB
Inactive(file):   142508 kB
Unevictable:       22232 kB
Mlocked:           22232 kB
SwapTotal:       7286780 kB
SwapFree:         618256 kB
Dirty:              4152 kB
Writeback:             0 kB
AnonPages:       2351516 kB
Mapped:           158396 kB
Shmem:             79820 kB
Slab:             122620 kB
SReclaimable:      63032 kB
SUnreclaim:        59588 kB
KernelStack:       12336 kB
PageTables:        59672 kB
NFS_Unstable:          0 kB
Bounce:                0 kB
WritebackTmp:          0 kB
CommitLimit:    15350392 kB
Committed_AS:   22213012 kB
VmallocTotal:   34359738367 kB
VmallocUsed:      457088 kB
VmallocChunk:   34358947836 kB
HardwareCorrupted:     0 kB
AnonHugePages:   1890304 kB
HugePages_Total:       0
HugePages_Free:        0
HugePages_Rsvd:        0
HugePages_Surp:        0
Hugepagesize:       2048 kB
DirectMap4k:      144572 kB
DirectMap2M:    16322560 kB
Inter-|   Receive                                                |  Transmit
 face |bytes    packets errs drop fifo frame compressed multicast|bytes    packets errs drop fifo colls carrier compressed
virbr1-nic:       0       0    0    0    0     0          0         0        0       0    0    0    0     0       0          0
 vnet0:  128666     393    0    0    0     0          0         0   317141    3975    0    0    0     0       0          0
 vnet5:   43924     524    0    0    0     0          0         0   221634    3858    0    0    0     0       0          0
enp0s25: 31338290   49183    0    0    0     0          0      1035 10708826   44319    0    0    0     0       0          0
virbr0-nic:       0       0    0    0    0     0          0         0        0       0    0    0    0     0       0          0
 vnet2:   69293     283    0    0    0     0          0         0   364158    3769    0    0    0     0       0          0
 vnet4:   59178     194    0    0    0     0          0         0   238335    3593    0    0    0     0       0          0
virbr0: 5345737    5274    0    0    0     0          0         0  1408922    5318    0    0    0     0       0          0
 vnet1: 5034219    3505    0    0    0     0          0         0  1151061    7192    0    0    0     0       0          0
    lo:   20864     210    0    0    0     0          0         0    20864     210    0    0    0     0       0          0
virbr1:       0       0    0    0    0     0          0         0        0       0    0    0    0     0       0          0
wlp3s0:       0       0    0    0    0     0          0         0        0       0    0    0    0     0       0          0
 vnet3:   84293     375    0    0    0     0          0         0   279505    3663    0    0    0     0       0          0
